// Jest Snapshot v1, https://goo.gl/fbAQLP

exports[`Main should render ok 1`] = `
"<Sidebar sidebar={{...}} docked={false} shadow={false} transitions={false} open={false} touch={true} touchHandleWidth={20} pullRight={false} dragToggleDistance={30} onSetOpen={[Function: onSetOpen]} styles={{...}} defaultSidebarWidth={0}>
  <div className=\\"content-area\\">
    <MenuButton onClick={[Function: bound menuButtonClick]} />
    <Title text=\\"Registro Histórico\\" />
    <Switch>
      <Route exact={true} path=\\"/admin/dashboard\\" component={[Function: Admin]} />
      <Route exact={true} path=\\"/admin/clientes\\" component={[Function: Admin]} />
      <Route exact={true} path=\\"/admin/usuarios\\" component={[Function: Admin]} />
      <Route exact={true} path=\\"/admin/maquinas\\" component={[Function: Admin]} />
      <Route exact={true} path=\\"/admin/formularios\\" component={[Function: Admin]} />
      <Route exact={true} path=\\"/admin/dashboard\\" component={[Function: Admin]} />
      <Route exact={true} path=\\"/entrada\\" component={[Function: Operator]} />
      <Route exact={true} path=\\"/salida\\" component={[Function: Operator]} />
      <Route exact={true} path=\\"/dashboard\\" component={[Function: Operator]} />
    </Switch>
  </div>
</Sidebar>"
`;
