// Jest Snapshot v1, https://goo.gl/fbAQLP

exports[`Menu should render ok 1`] = `
"<div className=\\"sidebar-container\\">
  <div className=\\"content\\">
    <Logo padding={0} maxWidth={80} />
    <Avatar title=\\"\\" image=\\"\\" />
    <ul className=\\"menu-items\\">
      <li>
        <span>
          <i className=\\"fas fa-user-tie\\" />
        </span>
        <button type=\\"button\\" onClick={[Function: test]}>
          Cerrar sesión
        </button>
      </li>
    </ul>
  </div>
</div>"
`;
