// Jest Snapshot v1, https://goo.gl/fbAQLP

exports[`DownloadCSVButton should render ok 1`] = `
"<CSVLink data={{...}} filename=\\"test\\" separator=\\";\\" className=\\"icon-button\\" target=\\"_blank\\" uFEFF={true} asyncOnClick={false}>
  <i className=\\"fas fa-file-download\\" />
</CSVLink>"
`;
